// Jest Snapshot v1, https://goo.gl/fbAQLP

exports[`LicensesTable component given a list of licenses (loaded) renders the table headers 1`] = `
<div
  class="gl-bg-gray-50 gl-responsive-table-row px-2 table-row-header text-2"
  role="row"
>
  <div
    class="section-30 table-section"
    role="rowheader"
  >
    Name
  </div>
  <div
    class="section-70 table-section"
    role="rowheader"
  >
    Component
  </div>
</div>
`;

exports[`LicensesTable component given a list of licenses (loading) renders the table headers 1`] = `
<div
  class="gl-bg-gray-50 gl-responsive-table-row px-2 table-row-header text-2"
  role="row"
>
  <div
    class="section-30 table-section"
    role="rowheader"
  >
    Name
  </div>
  <div
    class="section-70 table-section"
    role="rowheader"
  >
    Component
  </div>
</div>
`;

exports[`LicensesTable component given an empty list of licenses renders the table headers 1`] = `
<div
  class="gl-bg-gray-50 gl-responsive-table-row px-2 table-row-header text-2"
  role="row"
>
  <div
    class="section-30 table-section"
    role="rowheader"
  >
    Name
  </div>
  <div
    class="section-70 table-section"
    role="rowheader"
  >
    Component
  </div>
</div>
`;
