// Jest Snapshot v1, https://goo.gl/fbAQLP

exports[`Group report not configured component matches snapshot 1`] = `"<gl-empty-state-stub title=\\"Monitor vulnerabilities in your group\\" svgpath=\\"/placeholder.svg\\" description=\\"Manage and track vulnerabilities identified in projects within your group. Vulnerabilities in projects are shown here when security testing is configured.\\" secondarybuttonlink=\\"/path/to/dashboard/documentation\\" secondarybuttontext=\\"Learn more\\"></gl-empty-state-stub>"`;
