// Jest Snapshot v1, https://goo.gl/fbAQLP

exports[`Security Configuration Page Layout component matches the snapshot 1`] = `
<article>
  Page alert 
  <header
    class="gl-mt-5 gl-display-flex gl-justify-content-space-between gl-mb-5 gl-border-b-1 gl-border-b-gray-100 gl-border-b-solid"
  >
    <div
      class="gl-display-flex gl-flex-direction-column gl-w-full gl-justify-content-space-between gl-md-flex-direction-row"
    >
      <div>
        <h4
          class="gl-mt-0"
        >
          Page title
        </h4>
         
        <p>
          Scanner description
        </p>
      </div>
       
      <div>
        Action
      </div>
    </div>
  </header>
   
  <div>
    form
  </div>
</article>
`;
