// Jest Snapshot v1, https://goo.gl/fbAQLP

exports[`AllTab renders the base tab with the correct props 1`] = `
Array [
  Object {
    "columnClass": "gl-w-15",
    "key": "detailedStatus",
    "label": "Status",
  },
  Object {
    "key": "dastProfile.name",
    "label": "Name",
  },
  Object {
    "columnClass": "gl-w-13",
    "key": "scanType",
    "label": "Scan type",
  },
  Object {
    "key": "dastProfile.dastSiteProfile.targetUrl",
    "label": "Target",
  },
  Object {
    "columnClass": "gl-w-15",
    "key": "createdAt",
    "label": "Start date",
  },
  Object {
    "columnClass": "gl-w-13",
    "key": "id",
    "label": "Pipeline",
  },
]
`;
