// Jest Snapshot v1, https://goo.gl/fbAQLP

exports[`False positive alert component should render the alert message 1`] = `
<gl-alert-stub
  data-testid="false-positive-alert"
  dismisslabel="Dismiss"
  primarybuttonlink=""
  primarybuttontext=""
  secondarybuttonlink=""
  secondarybuttontext=""
  showicon="true"
  title="False positive detected"
  variant="warning"
>
  <gl-sprintf-stub
    message="The scanner determined this vulnerability to be a false positive. Verify the evaluation before changing its status. %{linkStart}Learn more about false positive detection.%{linkEnd}"
  />
</gl-alert-stub>
`;
