// Jest Snapshot v1, https://goo.gl/fbAQLP

exports[`Environment matchs the snapshot 1`] = `
<div
  class="border-0 card dashboard-card"
>
  <environment-header-stub
    environment="[object Object]"
    haserrors="true"
  />
  <div
    class="card-body dashboard-card-body dashboard-card-body-warning"
  >
    <div
      class="row"
    >
      <div
        class="align-self-center col-1 px-3"
      >
        <gl-avatar-link-stub
          href="/root"
        >
          <gl-avatar-stub
            alt="avatar"
            entityid="0"
            entityname="root"
            shape="circle"
            size="32"
            src="https://secure.gravatar.com/avatar/e64c7d89f26bd1972efa854d13d7dd61?s=80&d=identicon"
            title="Administrator"
          />
        </gl-avatar-link-stub>
      </div>
      <div
        class="align-middle align-self-center ci-table col-10 col-sm-7 pl-5 pr-0"
      >
        <div
          class="branch-commit"
        >
          <gl-icon-stub
            name="work"
            size="14"
          />
          <gl-link-stub
            class="str-truncated"
            href="/root/minimal-ruby-app/-/jobs/1097"
          >
            production #1097
          </gl-link-stub>
        </div>
        <commit-stub
          author="[object Object]"
          commitref="[object Object]"
          commiturl="https://22878.qa-tunnel.gitlab.info/root/minimal-ruby-app/commit/63492726c2264a0277141d6a6573c3d22ecd7de3"
          shortsha="63492726"
          show-branch="true"
          showrefinfo="true"
          title="Improve code quality"
        />
      </div>
      <div
        class="align-self-center col-12 col-sm-3 d-sm-block mt-0 offset-1 offset-sm-0 pl-6 pl-sm-0 pr-0 text-sm-right"
      >
        <time-ago-stub
          time="2019-02-20T16:15:40.122Z"
          tooltiptext="Finished"
        />
        <alerts-stub
          count="1"
        />
      </div>
    </div>
  </div>
</div>
`;
