// Jest Snapshot v1, https://goo.gl/fbAQLP

exports[`Filter Item component disabled state renders the disabled dropdown item correctly 1`] = `
<gl-dropdown-item-stub
  avatarurl=""
  data-qa-selector="filter_filter_dropdown"
  disabled="true"
  iconcolor=""
  iconname=""
  iconrightarialabel=""
  iconrightname=""
  ischeckitem="true"
  secondarytext=""
>
  <span
    class="gl-text-gray-600"
  >
    filter
  </span>
</gl-dropdown-item-stub>
`;
