// Jest Snapshot v1, https://goo.gl/fbAQLP

exports[`RelatedItemsTree RelatedItemsTreeActions template renders button group, tree view and roadmap view buttons 1`] = `
<div
  class="card-header gl-bg-gray-10 gl-border-bottom-0 gl-display-flex gl-flex-direction-column gl-px-4 gl-py-3 gl-sm-flex-direction-row"
>
  <div>
    <gl-button-group-stub
      class="gl-display-flex gl-flex-grow-1"
      data-testid="buttons"
    >
      <gl-button-stub
        buttontextclasses=""
        category="primary"
        class="js-epic-tree-tab"
        data-testid="tree-view-button"
        icon=""
        selected="true"
        size="medium"
        variant="default"
      >
        Tree view
      </gl-button-stub>
      <gl-button-stub
        buttontextclasses=""
        category="primary"
        class="js-epic-roadmap-tab"
        data-testid="roadmap-view-button"
        icon=""
        size="medium"
        variant="default"
      >
        Roadmap view
      </gl-button-stub>
    </gl-button-group-stub>
  </div>
  <div
    class="gl-display-flex gl-mt-3 gl-sm-display-inline-flex gl-sm-ml-auto gl-sm-mt-0"
  >
    <toggle-labels-stub
      class="gl-ml-0! gl-sm-ml-3!"
    />
  </div>
</div>
`;
