// Jest Snapshot v1, https://goo.gl/fbAQLP

exports[`EmptyState renders properly 1`] = `
<section
  class="gl-display-flex empty-state gl-text-center gl-flex-direction-column"
>
  <div
    class="gl-max-w-full"
  >
    <div
      class="svg-250 svg-content"
    >
      <img
        alt=""
        class="gl-max-w-full gl-dark-invert-keep-hue"
        role="img"
        src="/empty/state/svg/path"
      />
    </div>
  </div>
   
  <div
    class="gl-max-w-full gl-m-auto"
    data-testid="gl-empty-state-content"
  >
    <div
      class="gl-mx-auto gl-my-0 gl-p-5"
    >
      <h1
        class="gl-font-size-h-display gl-line-height-36 h4"
      >
        
          On-demand scans
        
      </h1>
       
      <p
        class="gl-mt-3"
      >
        On-demand scans run outside of DevOps cycle and find vulnerabilities in your projects. 
        <a
          class="gl-link"
          href="/help/user/application_security/dast/index#on-demand-scans"
        >
          Learn more
        </a>
        .
      </p>
       
      <div
        class="gl-display-flex gl-flex-wrap gl-justify-content-center"
      >
        <a
          class="btn gl-mb-3 btn-confirm btn-md gl-button gl-mx-2"
          href="/on_demand_scans/new"
        >
          <!---->
           
          <!---->
            
          <span
            class="gl-button-text"
          >
            New scan
          </span>
        </a>
         
        <!---->
      </div>
    </div>
  </div>
</section>
`;
