// Jest Snapshot v1, https://goo.gl/fbAQLP

exports[`DastProfileSelectorEmptyState renders properly 1`] = `
<div>
  <div
    class="gl-align-items-center gl-bg-gray-10 gl-display-flex gl-flex-direction-column gl-mb-5 gl-p-6 gl-rounded-small gl-text-center"
  >
    <h5
      class="gl-h5 gl-mb-2 gl-mt-0 gl-text-gray-500"
    >
      heading
    </h5>
    <span
      class="gl-text-gray-500"
    >
      content
    </span>
  </div>
</div>
`;
