// Jest Snapshot v1, https://goo.gl/fbAQLP

exports[`StreamItem when an item has event filters renders a popover 1`] = `
<div
  class="gl-popover"
  data-testid="filter-popover"
>
  Destination has filters applied. 
  <a
    class="gl-link"
    href="/help/administration/audit_event_streaming#event-type-filters"
    rel="noopener"
    target="_blank"
  >
    
              What are filters?
            
  </a>
</div>
`;
