// Jest Snapshot v1, https://goo.gl/fbAQLP

exports[`StreamEmptyState should render correctly 1`] = `
<section
  class="empty-state gl-display-flex gl-flex-direction-column gl-mt-5 gl-text-center"
>
  <div
    class="gl-max-w-full"
  >
    <div
      class="svg-250 svg-content"
    >
      <img
        alt=""
        class="gl-dark-invert-keep-hue gl-max-w-full"
        height="72"
        role="img"
        src="mock/path"
      />
    </div>
  </div>
  <div
    class="gl-m-auto gl-max-w-full"
    data-testid="gl-empty-state-content"
  >
    <div
      class="gl-mx-auto gl-my-0 gl-p-5"
    >
      <h3
        class="gl-font-size-h-display gl-line-height-36 gl-mt-n3 h4"
      >
        Setup streaming for audit events
      </h3>
      <p
        class="gl-mt-3"
      >
        <p>
          Add an HTTP endpoint to manage audit logs in third-party systems.
        </p>
        <p>
          This is great for keeping everything one place.
        </p>
      </p>
      <div
        class="gl-display-flex gl-flex-wrap gl-justify-content-center"
      >
        <div
          class="gl-disclosure-dropdown gl-new-dropdown"
          data-testid="dropdown-toggle"
        >
          <button
            aria-controls="reference-1"
            aria-labelledby="reference-0"
            class="btn btn-confirm btn-md gl-button gl-new-dropdown-toggle"
            data-testid="base-dropdown-toggle"
            id="reference-0"
            type="button"
          >
            <span
              class="gl-button-text"
            >
              <span
                class="gl-new-dropdown-button-text"
              >
                Add streaming destination
              </span>
              <svg
                aria-hidden="true"
                class="gl-button-icon gl-icon gl-new-dropdown-chevron s16"
                data-testid="chevron-down-icon"
                role="img"
              >
                <use
                  href="file-mock#chevron-down"
                />
              </svg>
            </span>
          </button>
          <div
            class="gl-new-dropdown-panel gl-w-31!"
            data-testid="base-dropdown-menu"
            id="reference-1"
          >
            <div
              class="gl-new-dropdown-inner"
            >
              <ul
                aria-labelledby="reference-0"
                class="gl-new-dropdown-contents"
                data-testid="disclosure-content"
                id="reference-2"
                tabindex="-1"
              >
                <li
                  class="gl-new-dropdown-item"
                  data-testid="disclosure-dropdown-item"
                  tabindex="0"
                >
                  <button
                    class="gl-new-dropdown-item-content"
                    tabindex="-1"
                    type="button"
                  >
                    <span
                      class="gl-new-dropdown-item-text-wrapper"
                    >
                      HTTP endpoint
                    </span>
                  </button>
                </li>
                <li
                  class="gl-new-dropdown-item"
                  data-testid="disclosure-dropdown-item"
                  tabindex="0"
                >
                  <button
                    class="gl-new-dropdown-item-content"
                    tabindex="-1"
                    type="button"
                  >
                    <span
                      class="gl-new-dropdown-item-text-wrapper"
                    >
                      Google Cloud Logging
                    </span>
                  </button>
                </li>
              </ul>
            </div>
          </div>
        </div>
      </div>
    </div>
  </div>
</section>
`;
