// Jest Snapshot v1, https://goo.gl/fbAQLP

exports[`StatisticsCard denominator block renders denominator block with all elements when all props are passed 1`] = `
<p
  class="gl-font-size-h-display gl-font-weight-bold gl-mb-3"
  data-testid="denominator"
>
  1,000
  <span
    class="gl-font-lg"
    data-testid="denominator-usage-unit"
  >
    MiB
  </span>
  <span
    data-testid="denominator-total"
  >
    / 10,000
    <span
      class="gl-font-lg"
      data-testid="denominator-total-unit"
    >
      MiB
    </span>
  </span>
</p>
`;
