// Jest Snapshot v1, https://goo.gl/fbAQLP

exports[`AddEditScheduleForm renders form layout 1`] = `
<gl-form-stub>
  <gl-form-group-stub
    invalid-feedback="Can't be empty"
    label="Name"
    label-for="schedule-name"
    label-size="sm"
    labeldescription=""
    optionaltext="(optional)"
    required=""
    state="true"
  >
    <gl-form-input-stub
      data-qa-selector="schedule_name_field"
      id="schedule-name"
      value="Test schedule from query"
    />
  </gl-form-group-stub>
   
  <gl-form-group-stub
    label="Description (optional)"
    label-for="schedule-description"
    label-size="sm"
    labeldescription=""
    optionaltext="(optional)"
  >
    <gl-form-input-stub
      id="schedule-description"
      value="Description 1 lives here"
    />
  </gl-form-group-stub>
   
  <gl-form-group-stub
    data-qa-selector="schedule_timezone_container"
    description="Sets the default timezone for the schedule, for all participants"
    invalid-feedback="Can't be empty"
    label="Timezone"
    label-for="schedule-timezone"
    label-size="sm"
    labeldescription=""
    optionaltext="(optional)"
    required=""
    state="true"
  >
    <div
      id="schedule-timezone"
    />
  </gl-form-group-stub>
</gl-form-stub>
`;
