// Jest Snapshot v1, https://goo.gl/fbAQLP

exports[`DastScannerProfileSummary renders properly 1`] = `
<div
  class="row"
>
  <summary-cell-stub
    class=""
    label="Scan mode"
    value="Passive"
  />
   
  <summary-cell-stub
    label="Spider timeout"
    value="5 minutes"
  />
   
  <summary-cell-stub
    label="Target timeout"
    value="10 seconds"
  />
   
  <summary-cell-stub
    label="AJAX spider"
    value="Off"
  />
   
  <summary-cell-stub
    label="Debug messages"
    value="Hide debug messages"
  />
</div>
`;
