// Jest Snapshot v1, https://goo.gl/fbAQLP

exports[`EE - CorpusManagement corpus management when loaded renders the correct header 1`] = `
<header>
  <h4
    class="gl-my-5"
  >
    Fuzz testing corpus management
  </h4>
  <p>
    Corpus files are used in coverage-guided fuzz testing as seed inputs to improve testing.
    <gl-link-stub
      href="/docs/corpus-management"
    >
      Learn More
    </gl-link-stub>
  </p>
</header>
`;
