// Jest Snapshot v1, https://goo.gl/fbAQLP

exports[`PolicyPreview component with policy description renders policy preview tabs 1`] = `
<gl-tabs-stub
  contentclass="gl-pt-0"
  queryparamname="tab"
  theme="indigo"
  value="0"
>
  <gl-tab-stub
    title="Rule"
    titlelinkclass=""
  >
    <policy-preview-human-stub
      class="gl-border-t-none! gl-rounded-top-left-none gl-rounded-top-right-none"
      policydescription="<strong>bar</strong><br><div>test</div><script></script>"
    />
  </gl-tab-stub>
   
  <gl-tab-stub
    title=".yaml"
    titlelinkclass=""
  >
    <pre
      class="gl-bg-white gl-rounded-top-left-none gl-rounded-top-right-none gl-border-t-none"
    >
      foo
    
    </pre>
  </gl-tab-stub>
</gl-tabs-stub>
`;
