// Jest Snapshot v1, https://goo.gl/fbAQLP

exports[`PendingMembersApp renders pending members 1`] = `
Array [
  <div
    class="gl-border-0 gl-border-b-1! gl-border-gray-100 gl-border-solid gl-display-flex gl-justify-content-space-between gl-p-5"
    data-testid="pending-members"
  >
    <gl-avatar-link-stub
      alt="334050-1 334050-1"
      href="http://127.0.0.1:3000/334050-1"
      target="blank"
    >
      <gl-avatar-labeled-stub
        label="334050-1 334050-1"
        labellink=""
        size="32"
        src="https://www.gravatar.com/avatar/9987bae8f71451bb2d422d0596367b25?s=80&d=identicon"
        sublabel=""
        sublabellink=""
      />
    </gl-avatar-link-stub>
    <gl-button-stub
      buttontextclasses=""
      category="primary"
      data-testid="approve-member"
      icon=""
      role="button"
      size="medium"
      tabindex="0"
      variant="default"
    >
      Approve
    </gl-button-stub>
    <gl-modal-stub
      arialabel=""
      dismisslabel="Close"
      modalclass=""
      modalid="approve-confirmation-modal-177"
      no-fade=""
      size="md"
      title="Confirm approval"
      titletag="h4"
    >
      <p>
        Are you sure you want to approve 334050-1 334050-1?
      </p>
    </gl-modal-stub>
  </div>,
  <div
    class="gl-border-0 gl-border-b-1! gl-border-gray-100 gl-border-solid gl-display-flex gl-justify-content-space-between gl-p-5"
    data-testid="pending-members"
  >
    <gl-avatar-link-stub
      target="blank"
    >
      <gl-avatar-labeled-stub
        label="first-invite@gitlab.com"
        labellink=""
        size="32"
        src="https://www.gravatar.com/avatar/8bad6be3d5070e7f7865d91a50f44f1f?s=80&d=identicon"
        sublabel=""
        sublabellink=""
      />
    </gl-avatar-link-stub>
    <gl-button-stub
      buttontextclasses=""
      category="primary"
      data-testid="approve-member"
      icon=""
      role="button"
      size="medium"
      tabindex="0"
      variant="default"
    >
      Approve
    </gl-button-stub>
    <gl-modal-stub
      arialabel=""
      dismisslabel="Close"
      modalclass=""
      modalid="approve-confirmation-modal-178"
      no-fade=""
      size="md"
      title="Confirm approval"
      titletag="h4"
    >
      <p>
        Are you sure you want to approve first-invite@gitlab.com?
      </p>
    </gl-modal-stub>
  </div>,
]
`;
