// Jest Snapshot v1, https://goo.gl/fbAQLP

exports[`Contribution Analytics App fetches the data per week, using paginated requests when necessary 1`] = `
Array [
  Object {
    "issuesClosed": 175,
    "issuesCreated": 175,
    "mergeRequestsApproved": 175,
    "mergeRequestsClosed": 175,
    "mergeRequestsCreated": 175,
    "mergeRequestsMerged": 175,
    "repoPushed": 175,
    "totalEvents": 175,
    "user": Object {
      "id": "primary",
      "name": "primary",
      "webUrl": "primary",
    },
  },
  Object {
    "issuesClosed": 12,
    "issuesCreated": 12,
    "mergeRequestsApproved": 12,
    "mergeRequestsClosed": 12,
    "mergeRequestsCreated": 12,
    "mergeRequestsMerged": 12,
    "repoPushed": 12,
    "totalEvents": 12,
    "user": Object {
      "id": "secondary",
      "name": "secondary",
      "webUrl": "secondary",
    },
  },
]
`;
